Stage 1: preprocessing
  tab -> t4_1_acled_summary
  tab -> t4_2_sar_summary
  tab -> t4_3_cleaning_log
  tab -> t4_4_attributes
Stage 2: conflict analytics
  fig -> f5_1_annual
  fig -> f5_2_eventmix
  tab -> t5_1_eventmix_share
  fig -> f5_3_heatmap
  fig -> f5_4_changepoints
  tab -> t5_2_regimes
  fig -> f5_5_drone_share
  fig -> f5_6_gcc
  fig -> f5_7_war_map
  tab -> t5_3_top_admin1_war
  fig -> f5_8_maritime
Stage 3: chokepoint index
  tab -> t6_ccii_weekly
  fig -> f6_1_ccii
  fig -> f6_2_ccii_z
  tab -> t6_1_backtest
  fig -> f6_3_forecast
  tab -> t6_2_episodes
  fig -> f6_4_km
  tab -> t6_3_km_summary
  tab -> t6_4_cox
  fig -> f6_5_offshore
Stage 4: SAR / AIS-dark analytics
  fig -> f7_1_global_map
  fig -> f7_2_dark_by_region
  tab -> t7_1_dark_by_region
  fig -> f7_3_size_zone
  tab -> t7_2_size_zone
  fig -> f7_4_gulf_hotspots
  fig -> f7_5_global_hotspots
  tab -> t7_3_hotspot_cells
  tab -> t7_4_dark_clusters
  fig -> f7_6_dbscan
  fig -> f7_7_gulf_daily
  fig -> f7_8_flags
  tab -> t7_5_flag_class
  tab -> t7_6_top_flags_gulf
  tab -> t7_7_identity
  fig -> f7_10_india_seas
Stage 5: predictive model
  tab -> t8_1_logit
  tab -> t8_2_model_cv
  fig -> f8_1_model
  fig -> f8_2_pdp
  fig -> f8_3_risk_surface
  tab -> t8_3_poi_risk
Stage 6: decision model
  fig -> f9_1_stock_cover
  tab -> t9_1_stock_decision
Stage 8: intelligence layer
  tab -> t9_2_robustness
  fig -> f9_2_robustness
  fig -> f9_3_dose_response
  tab -> t9_3_dose_response
  tab -> t9_4_ach
  tab -> t9_5_indian_flag
  tab -> t9_6_iw_matrix
  tab -> t9_7_scenarios
Stage 9: open-source economic transmission
  fig -> f9o_1_brent_timeline
  fig -> f9o_2_event_study
  tab -> t9o_1_event_study
  tab -> t9o_2_granger
  fig -> f9o_3_rupee
  fig -> f9o_4_india_dependence
  tab -> t9o_3_war_premium
Stage 10: infographic assets
  fig -> base_theatre
Stage 7: Power BI export
  DimAdmin1.csv: 243 rows
  FactConflictWeekly.csv: 149,814 rows
  FactVesselDetections.csv: 106,533 rows
  DimDate.csv: 4,383 rows
