Stage 1: preprocessing
  tab -> t1_cleaning_log
                 0                                                  1        2
0   CDM satellites                                        Rows loaded     1167
1   CDM satellites  Launch dates converted from Excel serial numbe...        1
2   CDM satellites  Impossible orbital periods (< 80 min) set to m...        6
3   CDM satellites  Impossible inclinations (> 180 deg) set to mis...        1
4   CDM satellites                                Rows after cleaning     1167
5         UCS 2020                                  Active satellites     2666
6           SATCAT               Objects catalogued (1957 - Sep 2026)    70793
7           SATCAT                        Earth-orbiting objects kept    70366
8           SATCAT  Objects without orbital elements (kept; exclud...     1657
9    Space weather                      Hourly Dst values (3 periods)   139872
10   Space weather                    Monthly smoothed sunspot values      192
11     MODIS fires       Detections loaded (archive + near real time)  1248606
12     MODIS fires                       Duplicate detections removed        1
13     MODIS fires                                Rows after cleaning  1248605
Stage 2: growth
  tab -> t2_population_by_year
  fig -> f2_1_population
  tab -> t2_active_censuses
  fig -> f2_2_censuses
  tab -> t2_launches_by_country
  fig -> f2_3_launch_rate
      Payload  Rocket body  Debris  Unknown  total
year                                              
2023    12338         2231   13593       93  28255
2024    14042         2240   13341       71  29694
2025    17414         2275   12701       53  32443
2026    19971         2300   12540       57  34868 
        Date  ... Active satellites
0  Jan 2014  ...              1167
1  Apr 2020  ...              2666
2  Sep 2026  ...             17062

[3 rows x 3 columns] 
 site_country  USA  China  Russia  Europe  India  Japan  New Zealand  Others
launch                                                                     
2024          137     65      17       3      5      5           13       4
2025          172     89      17       7      4      3           17       2
2026          114     63      13       6      2      2           14       2 
cps [2021] cagr 0.041020574770116 0.46670998997736146 corr 0.9973788655240781
Stage 3: actors
  tab -> t3_country_share
  fig -> f3_1_actors
  tab -> t3_users
  tab -> t3_purpose
  tab -> t3_military_share
  fig -> f3_2_users_purpose
               Jan 2014 (CDM)  ...  Sep 2026 (catalogue) %
C                              ...                        
USA                     502.0  ...                    76.0
China                   117.0  ...                     9.0
Russia                  118.0  ...                     2.2
UK                       25.0  ...                     4.1
Japan                    43.0  ...                     0.9
India                    33.0  ...                     0.5
Multinational           100.0  ...                     0.8
All others              229.0  ...                     6.6

[8 rows x 6 columns] 
                            Jan 2014 (CDM)  Apr 2020 (UCS)
Users                                                    
Civil                                 6.4             5.1
Commercial                           36.4            54.5
Government                           28.5            22.2
Military (incl. dual-use)            28.4            18.2
Other                                 0.2             0.0 
                           Jan 2014 (CDM)  Apr 2020 (UCS)
purpose_group                                           
Communications                      52.9            45.4
Earth observation & ISR             22.5            33.8
Technology demonstration            11.1            11.7
Navigation                           8.1             5.6
Science                              4.0             3.2
Other                                1.3             0.5 
         Military share 2014 %  ...  Satellites 2020
C                              ...                 
USA                      30.7  ...           1327.0
China                    32.5  ...            363.0
Russia                   68.6  ...            169.0
India                    15.2  ...             61.0
Japan                     0.0  ...             78.0
UK                       32.0  ...            130.0
France                   72.7  ...             12.0
Israel                  100.0  ...             15.0

[8 rows x 4 columns] 
beyond 0.4715261958997722 0.30179028132992325
Stage 4: congestion
  tab -> t4_leo_shells
  fig -> f4_1_leo_shells
  tab -> t4_geo_arc_india
  fig -> f4_2_geo_arc
  tab -> t4_asat_debris
  fig -> f4_3_asat_debris
                                       Event      Date  Pieces catalogued  Still in orbit (Sep 2026)  Still in orbit %  Years since  Median years to re-entry (re-entered pieces)
0                            China ASAT test  Jan 2007               3531                       2313              65.5         19.7                                           9.8
1  Iridium-Cosmos collision (Russian debris)  Feb 2009               1714                        613              35.8         17.6                                           6.8
2       Iridium-Cosmos collision (US debris)  Feb 2009                656                        117              17.8         17.6                                           6.9
3                          US ASAT intercept  Feb 2008                174                          0               0.0         18.6                                           0.1
4           India ASAT test (Mission Shakti)  Mar 2019                129                          0               0.0          7.5                                           0.4
5                           Russia ASAT test  Nov 2021               1806                          4               0.2          4.8                                           0.5 
risk 10.30661871319704 peak 450 arc 115 162 554 
 Country
USA              33
China            32
India            24
Russia           20
Japan             7
Multinational     6
Luxembourg        5
UK                5
Name: count, dtype: int64
Stage 5: contest
  tab -> t5_isr_families
  fig -> f5_1_isr_race
  tab -> t5_military_2014
  Country                                                               Programme family  Operational Sep 2026  Launched since 2014
0   China                                          China: Yaogan military reconnaissance                   164                  149
1   China  China: other state ISR & tech (Gaofen, TJS, Shiyan, Shijian, Tianhui, Yunhai)                   183                  173
2   China                                 China: commercial imagers (Jilin-1, Superview)                    59                   94
3     USA                                      USA: national-security payloads (USA-nnn)                   417                  385
4     USA                     USA: commercial imagers (Planet, Maxar, BlackSky, Capella)                   125                  581
5  Russia                                                      Russia: military (Cosmos)                   146                  125
6   India                   India: ISR & military (RISAT, Cartosat, EOS, EMISAT, GSAT-7)                    17                   15 
 China                     406
USA                       542
Russia                    146
India                      17
India + SBS-III (2029)     69
dtype: int64 
 Purpose  Communications  Early Warning  ...  Surveillance  Technology Development
Country                                 ...                                      
China                 4              0  ...             0                       1
France                2              0  ...             0                       2
India                 1              0  ...             2                       0
Israel                4              0  ...             0                       0
Russia               32              4  ...             0                       0
UK                    8              0  ...             0                       0
USA                  39              6  ...             5                      29

[7 rows x 15 columns]
Stage 6: space weather
  tab -> t6_storm_classes
  tab -> t6_periods
  fig -> f6_1_storms
  tab -> t6_reentry_rate
  fig -> f6_2_reentry_cycle
                       Class  Events
0  Moderate (-50 to -100 nT)     498
1  Intense (-100 to -200 nT)      46
2        Severe (<= -200 nT)      13 
          hours  min_dst  mean_ssn  storm_events
period                                         
train_a  28824     -387     136.9           233
train_b  52584     -223      51.8           191
train_c  58464     -374      24.3           133 
IRR 1.882753415708445 1.1129833982689023e-08 rho -0.5690795612693361 4.830954194592172e-18 p hi/lo 0.391304347826087 0.05747126436781609 
period 12.2 3.927594230416041 2.288360768270088
Stage 7: Earth-observation value
  tab -> t7_constellation_premium
  tab -> t7_monthly_surge
  tab -> t7_industrial_heat
  fig -> f7_1_eo_value
  fig -> f7_2_fire_map
satellite
Aqua only     0.455098
Terra only    0.385222
Both          0.159680
Name: proportion, dtype: float64 
night 0.2080866246731352 
 date
2015-07-01    6.414689
2020-09-01    5.356140
2017-09-01    4.419002
2017-12-01    4.183168
2019-07-01    3.469578
2016-02-01    3.141781
dtype: float64 
           detections  months_active                           likely source
cell                                                                       
33N 111W        4039            118  Arizona copper smelting (Phoenix area)
43N 112W        3285            102     Pocatello, Idaho (phosphate plants)
42N 87W         3114            116               Gary / Chicago steel belt
42N 83W         2268            106                         Detroit (steel)
41N 82W         2161            107                       Cleveland (steel)
31N 88W         1912            117        Mobile, Alabama (industry, port)
39N 90W         1672             98                         industrial site
33N 80W         1599            117                         industrial site 
kilauea last 2020-06-01 00:00:00
Stage 8: forecast
  tab -> t8_trend_forecast
  tab -> t8_scenarios_2030
  tab -> t8_risk_index
  fig -> f8_1_forecast
  Scenario  Starlink (US)  Kuiper (US)  Guowang (China)  Qianfan (China)  All other satellites  Total 2030
0      Low          12000         1600              800              800                  5701       20901
1     Base          15000         3236             3000             3000                  6639       30875
2     High          19400         3236             6500             6500                  7970       43606 
        Point  Collision-risk index (2014 = 1)
0   Jan 2014                              1.0
1   Sep 2026                             10.3
2   2030 Low                             11.6
3  2030 Base                             16.8
4  2030 High                             27.2 
trend [23256.8586228  26944.42534788 31178.21365491 36033.16826464] [22081.1437412  24123.89969014 26001.15734762 28013.98619766] [24473.2043583  29939.5623411  37041.43106022 46105.44582333] backtest MAPE 8.564190641388107
Stage 11: military-use classifier
  tab -> t11_ml_results
  tab -> t11_ml_importance
  tab -> t11_dual_use_flags
  fig -> f11_1_ml_military
                     Features                   Model  CV ROC-AUC 2014 (mean)  CV SD  Out-of-time ROC-AUC (2020 launches)  Out-of-time PR-AUC  Balanced accuracy @0.5
0                Physics only     Logistic regression                   0.835  0.001                                0.793               0.525                   0.697
1                Physics only  Gradient-boosted trees                   0.941  0.004                                0.644               0.269                   0.625
2  Physics + operator country     Logistic regression                   0.845  0.002                                0.759               0.553                   0.707
3  Physics + operator country  Gradient-boosted trees                   0.942  0.004                                0.634               0.270                   0.615 
 Launch mass             0.155692
Apogee                  0.111525
Sun-synchronous-like    0.051590
Design life             0.038854
MEO                     0.019081
Inclination             0.012892
Molniya-like            0.012640
Period                  0.003651
dtype: float64 
dual 83 1613 
 Users
Commercial               54
Government               27
Government/Commercial     2
Name: count, dtype: int64 
 Purpose
Communications                   30
Navigation/Global Positioning    20
Earth Observation                16
Technology Development           12
Space Science                     1
Name: count, dtype: int64
Stage 12: conjunction screening
  A: 15,656 active LEO satellites
    steps 0-359: 290,346 candidate pairs
    steps 360-719: 425,190 candidate pairs
    steps 720-1079: 552,110 candidate pairs
    steps 1080-1439: 678,925 candidate pairs
    steps 1440-1799: 805,866 candidate pairs
    steps 1800-2159: 931,934 candidate pairs
    steps 2160-2519: 1,058,263 candidate pairs
    steps 2520-2879: 1,184,258 candidate pairs
    steps 2880-3239: 1,310,398 candidate pairs
    steps 3240-3599: 1,436,355 candidate pairs
    steps 3600-3959: 1,562,981 candidate pairs
    steps 3960-4319: 1,688,661 candidate pairs
    steps 4320-4679: 1,814,932 candidate pairs
    steps 4680-5039: 1,941,871 candidate pairs
    steps 5040-5399: 2,067,733 candidate pairs
    steps 5400-5759: 2,194,661 candidate pairs
    steps 5760-6119: 2,321,879 candidate pairs
    steps 6120-6479: 2,447,381 candidate pairs
    steps 6480-6839: 2,573,250 candidate pairs
    steps 6840-7199: 2,699,291 candidate pairs
    steps 7200-7559: 2,825,986 candidate pairs
    steps 7560-7919: 2,952,157 candidate pairs
    steps 7920-8279: 3,078,403 candidate pairs
    steps 8280-8639: 3,205,011 candidate pairs
  B: 4,640 objects (fresh satellites + debris clouds)
    steps 0-359: 13,895 candidate pairs
    steps 360-719: 24,560 candidate pairs
    steps 720-1079: 34,040 candidate pairs
    steps 1080-1439: 43,633 candidate pairs
    steps 1440-1799: 52,911 candidate pairs
    steps 1800-2159: 62,267 candidate pairs
    steps 2160-2519: 71,659 candidate pairs
    steps 2520-2879: 81,183 candidate pairs
    steps 2880-3239: 90,491 candidate pairs
    steps 3240-3599: 99,932 candidate pairs
    steps 3600-3959: 109,107 candidate pairs
    steps 3960-4319: 118,355 candidate pairs
    steps 4320-4679: 127,581 candidate pairs
    steps 4680-5039: 136,881 candidate pairs
    steps 5040-5399: 146,257 candidate pairs
    steps 5400-5759: 155,327 candidate pairs
    steps 5760-6119: 164,797 candidate pairs
    steps 6120-6479: 174,129 candidate pairs
    steps 6480-6839: 183,460 candidate pairs
    steps 6840-7199: 192,685 candidate pairs
    steps 7200-7559: 201,848 candidate pairs
    steps 7560-7919: 211,086 candidate pairs
    steps 7920-8279: 220,420 candidate pairs
    steps 8280-8639: 229,689 candidate pairs
  tab -> t12_conjunction_summary
  tab -> t12_closest_encounters
  tab -> t12_india_encounters
  fig -> f12_1_conjunctions
                                       screen                               kind  encounters_5km  under_1km  median_rel_speed
0          A: active vs active (31 Aug-1 Sep)  Co-orbiting (formation or docked)             430         86              0.15
1          A: active vs active (31 Aug-1 Sep)      Different operators, crossing            5043        193             11.18
2          A: active vs active (31 Aug-1 Sep)       Same constellation, crossing           12844        192              9.78
3  B: satellites vs debris clouds (23-24 Sep)                Satellite vs debris             468         20             13.09 
                      name_a          name_b                           kind   miss_km  rel_speed_kms      alt_km
6630              YAOGAN-14   STARLINK-5061  Different operators, crossing  0.046991      14.344067  482.290860
4250          STARLINK-5366  STARLINK-36147   Same constellation, crossing  0.055056       3.893530  485.498996
3408         STARLINK-30385  STARLINK-32434   Same constellation, crossing  0.106482       7.910576  484.746862
1480         STARLINK-31971  STARLINK-35986   Same constellation, crossing  0.111298       1.264955  477.169552
4790          STARLINK-3122   STARLINK-4550   Same constellation, crossing  0.113116      12.157278  464.907843
1110          KSLV-II DUMMY    GAOFEN-5 01A  Different operators, crossing  0.116218      14.570574  693.418990
8795   JILIN-1 GAOFEN 03D48  STARLINK-37742  Different operators, crossing  0.128914      14.743192  460.971906
2070          STARLINK-6327  STARLINK-36432   Same constellation, crossing  0.129104       1.278223  485.136392
4098             AL MUNTHER  STARLINK-35382  Different operators, crossing  0.129708      13.706293  467.448802
16329             YAOGAN-12   STARLINK-6173  Different operators, crossing  0.142564       6.976137  483.169680 
India
        id_a    id_b         name_a            name_b   miss_km  rel_speed_kms      alt_km           t_s   type_a owner_a          con_a   type_b  owner_b          con_b                           kind  india                              screen
1336  62704   69874      FIREFLY-2            CUBY-4  4.046073      14.972037  599.342112   9811.185114  Payload   India          Other  Payload  Germany          Other  Different operators, crossing   True  A: active vs active (31 Aug-1 Sep)
1911  64090   69010      2025-108D           DRISHTI  4.266160      15.093297  507.052966  17270.701608  Payload   China          Other  Payload    India          Other  Different operators, crossing   True  A: active vs active (31 Aug-1 Sep)
2014  53419   59442  STARLINK-4476           TSAT-1A  2.860429       2.936143  466.568753   7445.828730  Payload     USA  Starlink (US)  Payload    India          Other  Different operators, crossing   True  A: active vs active (31 Aug-1 Sep)
2490  52939   56910           POEM     STARLINK-6179  4.142579       4.953548  481.474362  11469.300593  Payload   India          Other  Payload      USA  Starlink (US)  Different operators, crossing   True  A: active vs active (31 Aug-1 Sep)
2522  59442   69721        TSAT-1A    STARLINK-38014  4.648335      13.975380  462.668599  43200.833912  Payload   India          Other  Payload      USA  Starlink (US)  Different operators, crossing   True  A: active vs active (31 Aug-1 Sep)
2958  52306   59442  STARLINK-3747           TSAT-1A  2.188326       5.375751  455.642613   4337.856925  Payload     USA  Starlink (US)  Payload    India          Other  Different operators, crossing   True  A: active vs active (31 Aug-1 Sep)
3270  52939   59198           POEM    STARLINK-31590  4.005520       4.572425  485.061350  11861.941808  Payload   India          Other  Payload      USA  Starlink (US)  Different operators, crossing   True  A: active vs active (31 Aug-1 Sep)
4659  65321   69915         LEAP-1          MISR-D 2  4.968827      14.952386  598.529760  30440.053887  Payload   India          Other  Payload      USA          Other  Different operators, crossing   True  A: active vs active (31 Aug-1 Sep)
5347  52854  100080  STARLINK-4204  AAGAMAN OBJECT A  1.583202      12.741352  460.009077   5230.717788  Payload     USA  Starlink (US)  Payload    India          Other  Different operators, crossing   True  A: active vs active (31 Aug-1 Sep)
5418  56964   57604          AFR-1    STARLINK-30218  3.953919      14.035044  477.660893   8098.368621  Payload   India          Other  Payload      USA  Starlink (US)  Different operators, crossing   True  A: active vs active (31 Aug-1 Sep)
Stage 9: India, robustness, ORBITWATCH
  tab -> t9_india_scorecard
  fig -> f9_1_launch_capacity
  tab -> t9_robustness
  tab -> t9_orbitwatch
                                       Measure  India  China      USA
0                  Active satellites, Sep 2026     78   1531  12959.0
1            Active satellites, Jan 2014 (CDM)     33    117    502.0
2  Military / state-ISR satellites operational     17    406    542.0
3                     Orbital launches in 2025      4     89    172.0
4    GEO satellites in the 40-110 E arc (2020)     24     32      NaN 
                                                                               Indicator Latest value Status
0                                               O1 Collision-risk index, LEO (2014 = 1)          x10    RED
1                                                 O2 Payloads in orbit, growth per year          24%    RED
2                         O3 Chinese state-ISR satellites launched per year (3-yr mean)           43    RED
3                                                 O4 India's share of active satellites         0.5%    RED
4  O5 Intense geomagnetic storm odds per 30 days (sunspot number >= 100, as in 2023-25)          39%    RED
5                                           O6 Anti-satellite tests in the last 5 years     1 (2021)  AMBER
6                                            O7 GEO arc over India: satellites 40-110 E          162    RED 
launch avg 4.2 66.4
Stage 10: Power BI export
  FactCatalogue.csv: 70,366 rows
  FactSatellites2014.csv: 1,167 rows
  FactStormDaily.csv: 5,828 rows
  FactFiresMonthly.csv: 484 rows
  DimDate.csv: 25,567 rows
